index.tsx(47,10): error TS2339: Property 'state' does not exist on type 'ErrorBoundary'.
index.tsx(59,14): error TS2339: Property 'state' does not exist on type 'ErrorBoundary'.
index.tsx(65,21): error TS2339: Property 'state' does not exist on type 'ErrorBoundary'.
index.tsx(73,19): error TS2339: Property 'state' does not exist on type 'ErrorBoundary'.
index.tsx(77,25): error TS2339: Property 'state' does not exist on type 'ErrorBoundary'.
index.tsx(86,17): error TS2339: Property 'props' does not exist on type 'ErrorBoundary'.
